
========================================
CloudSim Simulation Started: Mon Feb 23 13:38:20 PKT 2026
========================================
Config: 50 servers, 8760 hours, mode=ENTERPRISE
Created datacenter with 50 hosts
Submitted 50 VMs
Submitted 50 cloudlets
Starting simulation...
Simulation completed at time: 1.2600475993539788E8
Finished cloudlets: 50/50

First 5 cloudlets status:
  Cloudlet 0: status=SUCCESS, length=63072000000, finishTime=1.087096558539541E8
  Cloudlet 1: status=SUCCESS, length=63072000000, finishTime=1.0008142152858178E8
  Cloudlet 2: status=SUCCESS, length=63072000000, finishTime=1.1905744898041351E8
  Cloudlet 3: status=SUCCESS, length=63072000000, finishTime=1.0548988069699438E8
  Cloudlet 4: status=SUCCESS, length=63072000000, finishTime=1.0963663765520386E8

Generated workload profile: 8760 hours
First 10 hours IT load:
  Hour 0: 15.223263509644193 kW (util=0.50)
  Hour 1: 15.315262261913915 kW (util=0.51)
  Hour 2: 15.237584253674267 kW (util=0.50)
  Hour 3: 15.321498810100584 kW (util=0.51)
  Hour 4: 15.303355977001303 kW (util=0.51)
  Hour 5: 15.349160768913764 kW (util=0.51)
  Hour 6: 15.312386820628408 kW (util=0.51)
  Hour 7: 15.33309842704245 kW (util=0.51)
  Hour 8: 15.284001142030473 kW (util=0.51)
  Hour 9: 15.254502412754176 kW (util=0.50)
========================================


========================================
CloudSim Simulation Started: Mon Feb 23 13:40:34 PKT 2026
========================================
Config: 50 servers, 8760 hours, mode=ENTERPRISE
Created datacenter with 50 hosts
Submitted 50 VMs
Submitted 50 cloudlets
Starting simulation...
Simulation completed at time: 1.2404699626786456E8
Finished cloudlets: 50/50

First 5 cloudlets status:
  Cloudlet 0: status=SUCCESS, length=63072000000, finishTime=1.1518304673332275E8
  Cloudlet 1: status=SUCCESS, length=63072000000, finishTime=9.722082538044909E7
  Cloudlet 2: status=SUCCESS, length=63072000000, finishTime=1.0697439381746541E8
  Cloudlet 3: status=SUCCESS, length=63072000000, finishTime=1.1956757744888541E8
  Cloudlet 4: status=SUCCESS, length=63072000000, finishTime=1.0294133841537696E8

Generated workload profile: 8760 hours
First 10 hours IT load:
  Hour 0: 15.306225374465484 kW (util=0.51)
  Hour 1: 15.283862259905359 kW (util=0.51)
  Hour 2: 15.241743154143695 kW (util=0.50)
  Hour 3: 15.264346615408181 kW (util=0.50)
  Hour 4: 15.324424374836074 kW (util=0.51)
  Hour 5: 15.293157307717749 kW (util=0.51)
  Hour 6: 15.293573270743641 kW (util=0.51)
  Hour 7: 15.301182542693534 kW (util=0.51)
  Hour 8: 15.37152998467078 kW (util=0.51)
  Hour 9: 15.348519895256642 kW (util=0.51)
========================================


========================================
CloudSim Simulation Started: Mon Feb 23 15:01:02 PKT 2026
========================================
Config: 50 servers, 8760 hours, mode=ENTERPRISE
Created datacenter with 50 hosts
Submitted 50 VMs
Submitted 50 cloudlets
Starting simulation...
Simulation completed at time: 1.2596565602793115E8
Finished cloudlets: 50/50

First 5 cloudlets status:
  Cloudlet 0: status=SUCCESS, length=63072000000, finishTime=1.1372888147679497E8
  Cloudlet 1: status=SUCCESS, length=63072000000, finishTime=1.0316605624262714E8
  Cloudlet 2: status=SUCCESS, length=63072000000, finishTime=1.0036125318346672E8
  Cloudlet 3: status=SUCCESS, length=63072000000, finishTime=1.006960800948504E8
  Cloudlet 4: status=SUCCESS, length=63072000000, finishTime=1.0185958611029293E8

Generated workload profile: 8760 hours
First 10 hours IT load:
  Hour 0: 15.351833573978249 kW (util=0.51)
  Hour 1: 15.285122951530765 kW (util=0.51)
  Hour 2: 15.401141166789817 kW (util=0.51)
  Hour 3: 15.309799836624789 kW (util=0.51)
  Hour 4: 15.239325655709576 kW (util=0.50)
  Hour 5: 15.198571340765627 kW (util=0.50)
  Hour 6: 15.196793972168479 kW (util=0.50)
  Hour 7: 15.23964147675501 kW (util=0.50)
  Hour 8: 15.311870250105788 kW (util=0.51)
  Hour 9: 15.189342225239201 kW (util=0.50)
========================================


========================================
CloudSim Simulation Started: Mon Feb 23 15:09:50 PKT 2026
========================================
Config: 50 servers, 8760 hours, mode=ENTERPRISE
Created datacenter with 50 hosts
Submitted 50 VMs
Submitted 50 cloudlets
Starting simulation...
Simulation completed at time: 1.2576239670217963E8
Finished cloudlets: 50/50

First 5 cloudlets status:
  Cloudlet 0: status=SUCCESS, length=63072000000, finishTime=1.0068261044841821E8
  Cloudlet 1: status=SUCCESS, length=63072000000, finishTime=1.1070250097530209E8
  Cloudlet 2: status=SUCCESS, length=63072000000, finishTime=1.1516592396745694E8
  Cloudlet 3: status=SUCCESS, length=63072000000, finishTime=1.1260800257153884E8
  Cloudlet 4: status=SUCCESS, length=63072000000, finishTime=1.1036837928392653E8

Generated workload profile: 8760 hours
First 10 hours IT load:
  Hour 0: 15.141092150617538 kW (util=0.50)
  Hour 1: 15.243913224125132 kW (util=0.50)
  Hour 2: 15.161522124439704 kW (util=0.50)
  Hour 3: 15.16592980213806 kW (util=0.50)
  Hour 4: 15.149166745242583 kW (util=0.50)
  Hour 5: 15.15049672714338 kW (util=0.50)
  Hour 6: 15.309839954255688 kW (util=0.51)
  Hour 7: 15.160090958781375 kW (util=0.50)
  Hour 8: 15.21074251408687 kW (util=0.50)
  Hour 9: 15.27646192651987 kW (util=0.50)
========================================


========================================
CloudSim Simulation Started: Mon Feb 23 15:18:34 PKT 2026
========================================
Config: 50 servers, 8760 hours, mode=MIXED
Created datacenter with 50 hosts
Submitted 50 VMs
Submitted 50 cloudlets
Starting simulation...
Simulation completed at time: 1.5640005688297462E8
Finished cloudlets: 50/50

First 5 cloudlets status:
  Cloudlet 0: status=SUCCESS, length=63072000000, finishTime=9.761211468215702E7
  Cloudlet 1: status=SUCCESS, length=63072000000, finishTime=1.0838280762850311E8
  Cloudlet 2: status=SUCCESS, length=63072000000, finishTime=9.75991186769244E7
  Cloudlet 3: status=SUCCESS, length=63072000000, finishTime=1.1538285377459644E8
  Cloudlet 4: status=SUCCESS, length=63072000000, finishTime=1.185096679329838E8

Generated workload profile: 8760 hours
First 10 hours IT load:
  Hour 0: 23.798511786930717 kW (util=0.78)
  Hour 1: 23.56724880134283 kW (util=0.78)
  Hour 2: 23.729271655354278 kW (util=0.78)
  Hour 3: 23.72036392131138 kW (util=0.78)
  Hour 4: 23.823069566210503 kW (util=0.78)
  Hour 5: 23.603098330894788 kW (util=0.78)
  Hour 6: 23.72712622013218 kW (util=0.78)
  Hour 7: 23.83005809353268 kW (util=0.77)
  Hour 8: 23.764760945960507 kW (util=0.78)
  Hour 9: 23.664035028450215 kW (util=0.78)
========================================


========================================
CloudSim Simulation Started: Wed Feb 25 14:52:05 PKT 2026
========================================
Config: 50 servers, 8760 hours, mode=ENTERPRISE
Created datacenter with 50 hosts
Submitted 50 VMs
Submitted 50 cloudlets
Starting simulation...
Simulation completed at time: 1.2480322502509132E8
Finished cloudlets: 50/50

First 5 cloudlets status:
  Cloudlet 0: status=SUCCESS, length=63072000000, finishTime=1.241638882895156E8
  Cloudlet 1: status=SUCCESS, length=63072000000, finishTime=1.0870510627377042E8
  Cloudlet 2: status=SUCCESS, length=63072000000, finishTime=1.0799145482537827E8
  Cloudlet 3: status=SUCCESS, length=63072000000, finishTime=1.1423273800012483E8
  Cloudlet 4: status=SUCCESS, length=63072000000, finishTime=1.0946921032547994E8

Generated workload profile: 8760 hours
First 10 hours IT load:
  Hour 0: 15.367458588170829 kW (util=0.51)
  Hour 1: 15.228214264536906 kW (util=0.50)
  Hour 2: 15.23397250034361 kW (util=0.50)
  Hour 3: 15.233752985043367 kW (util=0.50)
  Hour 4: 15.275626227865153 kW (util=0.50)
  Hour 5: 15.233753998340399 kW (util=0.50)
  Hour 6: 15.303203413848788 kW (util=0.51)
  Hour 7: 15.281045327894148 kW (util=0.51)
  Hour 8: 15.258728476705937 kW (util=0.50)
  Hour 9: 15.311727647267904 kW (util=0.51)
========================================


========================================
CloudSim Simulation Started: Wed Feb 25 15:03:47 PKT 2026
========================================
Config: 50 servers, 8760 hours, mode=ENTERPRISE
Created datacenter with 50 hosts
Submitted 50 VMs
Submitted 50 cloudlets
Starting simulation...
Simulation completed at time: 1.2347057831569538E8
Finished cloudlets: 50/50

First 5 cloudlets status:
  Cloudlet 0: status=SUCCESS, length=63072000000, finishTime=1.0211305078490148E8
  Cloudlet 1: status=SUCCESS, length=63072000000, finishTime=1.0021991851237166E8
  Cloudlet 2: status=SUCCESS, length=63072000000, finishTime=1.1912156394485506E8
  Cloudlet 3: status=SUCCESS, length=63072000000, finishTime=1.2055750378822638E8
  Cloudlet 4: status=SUCCESS, length=63072000000, finishTime=1.1970876710175082E8

Generated workload profile: 8760 hours
First 10 hours IT load:
  Hour 0: 15.281208598094183 kW (util=0.51)
  Hour 1: 15.27177272128503 kW (util=0.50)
  Hour 2: 15.319128308699268 kW (util=0.51)
  Hour 3: 15.41713630614348 kW (util=0.51)
  Hour 4: 15.362367269494026 kW (util=0.51)
  Hour 5: 15.277139933534734 kW (util=0.51)
  Hour 6: 15.365093161370563 kW (util=0.51)
  Hour 7: 15.394321671335902 kW (util=0.51)
  Hour 8: 15.299604015080678 kW (util=0.51)
  Hour 9: 15.398284827619607 kW (util=0.51)
========================================


========================================
CloudSim Simulation Started: Wed May 06 18:14:41 PKT 2026
========================================
Config: 50 servers, 730 hours, mode=AI_TRAINING
Created datacenter with 50 hosts
Submitted 50 VMs
CloudSim initialized in sync mode
Hour 0024: 2.9 hours/sec, ETA: 4.1 min
Hour 0048: 5.2 hours/sec, ETA: 2.2 min
Hour 0072: 6.7 hours/sec, ETA: 1.6 min
Hour 0096: 7.3 hours/sec, ETA: 1.5 min
Hour 0120: 7.8 hours/sec, ETA: 1.3 min
Hour 0144: 8.5 hours/sec, ETA: 1.2 min
Hour 0168: 8.7 hours/sec, ETA: 1.1 min
Hour 0192: 8.7 hours/sec, ETA: 1.0 min
Hour 0216: 8.9 hours/sec, ETA: 1.0 min
Hour 0240: 8.6 hours/sec, ETA: 0.9 min
Hour 0264: 8.2 hours/sec, ETA: 0.9 min
Hour 0288: 7.8 hours/sec, ETA: 0.9 min
Hour 0312: 7.5 hours/sec, ETA: 0.9 min
Hour 0336: 7.3 hours/sec, ETA: 0.9 min
Hour 0360: 7.0 hours/sec, ETA: 0.9 min
Hour 0384: 6.7 hours/sec, ETA: 0.9 min
Hour 0408: 6.5 hours/sec, ETA: 0.8 min
Hour 0432: 6.3 hours/sec, ETA: 0.8 min
Hour 0456: 6.1 hours/sec, ETA: 0.8 min
Hour 0480: 5.9 hours/sec, ETA: 0.7 min
Hour 0504: 5.7 hours/sec, ETA: 0.7 min
Hour 0528: 5.5 hours/sec, ETA: 0.6 min
Hour 0552: 5.4 hours/sec, ETA: 0.6 min
Hour 0576: 5.2 hours/sec, ETA: 0.5 min
Hour 0600: 5.0 hours/sec, ETA: 0.4 min
Hour 0624: 4.9 hours/sec, ETA: 0.4 min
Hour 0648: 4.6 hours/sec, ETA: 0.3 min
Hour 0672: 4.2 hours/sec, ETA: 0.2 min
Hour 0696: 3.9 hours/sec, ETA: 0.1 min
Hour 0720: 3.7 hours/sec, ETA: 0.0 min
Simulation completed in 203.92 seconds

Generated workload profile: 730 hours
First 10 hours IT load:
  Hour 0: 12.108232071321538 kW (util=0.35)
  Hour 1: 12.1933312547137 kW (util=0.35)
  Hour 2: 12.316386582646524 kW (util=0.36)
  Hour 3: 12.091419803283175 kW (util=0.35)
  Hour 4: 12.180560021420746 kW (util=0.35)
  Hour 5: 20.07658353555615 kW (util=0.57)
  Hour 6: 22.11822918133699 kW (util=0.62)
  Hour 7: 24.017277193575957 kW (util=0.67)
  Hour 8: 25.427997268993217 kW (util=0.71)
  Hour 9: 27.229873323717353 kW (util=0.77)
========================================


========================================
CloudSim Simulation Started: Wed May 06 23:56:52 PKT 2026
========================================
Config: 50 servers, 730 hours, mode=AI_TRAINING
Created datacenter with 50 hosts
Submitted 50 VMs
Submitted 193 cloudlets
Starting simulation...
Simulation completed at time: 5.25153303250855E7
Finished cloudlets: 193/193

First 5 cloudlets status:
  Cloudlet 0: status=SUCCESS, length=8409600000, finishTime=4.702183802343963E7
  Cloudlet 1: status=SUCCESS, length=8409600000, finishTime=4.564377502328478E7
  Cloudlet 2: status=SUCCESS, length=8409600000, finishTime=4.751259754275779E7
  Cloudlet 3: status=SUCCESS, length=8409600000, finishTime=4.90624234669066E7
  Cloudlet 4: status=SUCCESS, length=8409600000, finishTime=4.902329257960234E7

Generated workload profile: 730 hours
First 10 hours IT load:
  Hour 0: 40.72387762641809 kW (util=1.00)
  Hour 1: 40.76309134250755 kW (util=1.00)
  Hour 2: 40.65560558985647 kW (util=1.00)
  Hour 3: 41.17827718458177 kW (util=1.00)
  Hour 4: 40.49946017349965 kW (util=1.00)
  Hour 5: 40.83310582516579 kW (util=1.00)
  Hour 6: 40.59909757456756 kW (util=1.00)
  Hour 7: 40.57159051088093 kW (util=1.00)
  Hour 8: 40.91062955056272 kW (util=1.00)
  Hour 9: 40.74683070555792 kW (util=1.00)
========================================

